A <- matrix(1:9, nrow=3,ncol=3,byrow=TRUE); A
     [,1] [,2] [,3]
[1,]    1    2    3
[2,]    4    5    6
[3,]    7    8    9
> C <- cbind(1:3,4:6,5:7); C
     [,1] [,2] [,3]
[1,]    1    4    5
[2,]    2    5    6
[3,]    3    6    7
> D <- rbind(1:3,4:6); D
     [,1] [,2] [,3]
[1,]    1    2    3
[2,]    4    5    6
> rbind(C,D)
     [,1] [,2] [,3]
[1,]    1    4    5
[2,]    2    5    6
[3,]    3    6    7
[4,]    1    2    3
[5,]    4    5    6
> cbind(C,C)
     [,1] [,2] [,3] [,4] [,5] [,6]
[1,]    1    4    5    1    4    5
[2,]    2    5    6    2    5    6
[3,]    3    6    7    3    6    7
> cbind(C,D)
Error in cbind(C, D) : number of rows of matrices must match (see arg 2)
> A[2,2:3];
[1] 5 6
> B <- A[2:3,1:2]; B
     [,1] [,2]
[1,]    4    5
[2,]    7    8
> first.row <- A[1,]; second.column;
Error: object 'second.column' not found
> frist.row <- A[1,]; first.row
[1] 1 2 3
> second.column <- A[,2]; second.column;
[1] 2 5 8
> A[1,1]<- 12; A
     [,1] [,2] [,3]
[1,]   12    2    3
[2,]    4    5    6
[3,]    7    8    9
> which(A >=8,arr.ind=TRUE)
     row col
[1,]   1   1
[2,]   3   2
[3,]   3   3
